[2024-09-16_13-57-25]	[DEBUG]	loadArgs(): data -> D:/Dev/Personal/OpenXcom/bin/
[2024-09-16_13-57-25]	[DEBUG]	loadArgs(): user -> D:/Dev/Personal/OpenXcom/data/user/
[2024-09-16_13-57-25]	[DEBUG]	loadArgs(): config -> D:/Dev/Personal/OpenXcom/data/config/
[2024-09-16_13-57-25]	[DEBUG]	findDataFolders(): SHGetSpecialFolderPathW: C:/Users/Ken/Documents/OpenXcom/
[2024-09-16_13-57-25]	[DEBUG]	findDataFolders(): GetModuleFileNameW/PathRemoveFileSpecW: D:/Dev/Personal/OpenXcom/out/build/x64-Debug/bin/
[2024-09-16_13-57-25]	[DEBUG]	findDataFolders(): GetCurrentDirectoryW: D:/Dev/Personal/OpenXcom/out/build/x64-Debug/bin/
[2024-09-16_13-57-25]	[DEBUG]	setFolders(): inserting D:/Dev/Personal/OpenXcom/bin/
[2024-09-16_13-57-25]	[DEBUG]	setLogFileName(D:/Dev/Personal/OpenXcom/data/user/openxcom.log) was ''; 219 in buffer
[2024-09-16_13-57-25]	[INFO]	OpenXcom Version: Lua 0.01 (v2024-09-05)
[2024-09-16_13-57-25]	[INFO]	Platform: Windows 64 bit
[2024-09-16_13-57-25]	[INFO]	Data folder is: D:/Dev/Personal/OpenXcom/bin/
[2024-09-16_13-57-25]	[INFO]	Data search is: 
[2024-09-16_13-57-25]	[INFO]	- D:/Dev/Personal/OpenXcom/bin/
[2024-09-16_13-57-25]	[INFO]	- C:/Users/Ken/Documents/OpenXcom/
[2024-09-16_13-57-25]	[INFO]	- D:/Dev/Personal/OpenXcom/out/build/x64-Debug/bin/
[2024-09-16_13-57-25]	[INFO]	User folder is: D:/Dev/Personal/OpenXcom/data/user/
[2024-09-16_13-57-25]	[INFO]	Config folder is: D:/Dev/Personal/OpenXcom/data/config/
[2024-09-16_13-57-25]	[INFO]	Options loaded successfully.
[2024-09-16_13-57-25]	[DEBUG]	getEmbeddedAsset('common.zip'): assets were not embedded.
[2024-09-16_13-57-25]	[INFO]	SDL initialized successfully.
[2024-09-16_13-57-25]	[INFO]	SDL_mixer initialized successfully.
[2024-09-16_13-57-25]	[INFO]	Attempted locale: 
[2024-09-16_13-57-25]	[INFO]	Detected locale: 
[2024-09-16_13-57-25]	[INFO]	Attempting to set display to 640x400x8...
[2024-09-16_13-57-25]	[INFO]	Display set to 640x400x8.
[2024-09-16_13-57-26]	[INFO]	Loading data...
[2024-09-16_13-57-26]	[DEBUG]	setDataFolder(D:/Dev/Personal/OpenXcom/bin/);
[2024-09-16_13-57-26]	[DEBUG]	getEmbeddedAsset('common.zip'): assets were not embedded.
[2024-09-16_13-57-26]	[DEBUG]	getEmbeddedAsset('standard.zip'): assets were not embedded.
[2024-09-16_13-57-26]	[INFO]	Scanning standard mods in 'D:/Dev/Personal/OpenXcom/bin/'...
[2024-09-16_13-57-26]	[INFO]	Scanning user mods in 'D:/Dev/Personal/OpenXcom/data/user/'...
[2024-09-16_13-57-26]	[DEBUG]	getEmbeddedAsset('common.zip'): assets were not embedded.
[2024-09-16_13-57-26]	[INFO]	Active mods:
[2024-09-16_13-57-26]	[INFO]	- xcom2 v1.0
[2024-09-16_13-57-26]	[INFO]	- lua_test v1.0
[2024-09-16_13-57-26]	[INFO]	- lua_test_callbacks v1.0
[2024-09-16_13-57-26]	[INFO]	Loading begins...
[2024-09-16_13-57-30]	[INFO]	Pre-loading rulesets...
[2024-09-16_13-57-30]	[INFO]	Loading vanilla resources...
[2024-09-16_13-57-31]	[INFO]	Loading rulesets...
[2024-09-16_13-57-41]	[INFO]	Loading rulesets done.
[2024-09-16_13-57-41]	[INFO]	Loading fonts... Font.dat
[2024-09-16_13-57-41]	[INFO]	Lazy loading: 1
[2024-09-16_13-57-41]	[INFO]	Loading custom palettes from ruleset...
[2024-09-16_13-57-41]	[INFO]	After load.
[2024-09-16_13-57-41]	[INFO]	Loading Lua...
[2024-09-16_13-57-41]	[INFO]	LUA - D:/Dev/Personal/OpenXcom/data/user/mods/lua_test\bootstrap.lua - begin
[2024-09-16_13-57-41]	[INFO]	LUA - D:/Dev/Personal/OpenXcom/data/user/mods/lua_test\bootstrap.lua - game: {
[2024-09-16_13-57-41]	[INFO]	LUA - D:/Dev/Personal/OpenXcom/data/user/mods/lua_test\bootstrap.lua -   on_load_game (key type: string, value type: table):
[2024-09-16_13-57-41]	[INFO]	LUA - D:/Dev/Personal/OpenXcom/data/user/mods/lua_test\bootstrap.lua -     on_load_game: {
[2024-09-16_13-57-41]	[INFO]	LUA - D:/Dev/Personal/OpenXcom/data/user/mods/lua_test\bootstrap.lua -       unregister_callback (key type: string, value type: function): function: 00007FF632745441
[2024-09-16_13-57-41]	[INFO]	LUA - D:/Dev/Personal/OpenXcom/data/user/mods/lua_test\bootstrap.lua -       register_callback (key type: string, value type: function): function: 00007FF63276870C
[2024-09-16_13-57-41]	[INFO]	LUA - D:/Dev/Personal/OpenXcom/data/user/mods/lua_test\bootstrap.lua -     }
[2024-09-16_13-57-41]	[INFO]	LUA - D:/Dev/Personal/OpenXcom/data/user/mods/lua_test\bootstrap.lua -   on_save_game (key type: string, value type: table):
[2024-09-16_13-57-41]	[INFO]	LUA - D:/Dev/Personal/OpenXcom/data/user/mods/lua_test\bootstrap.lua -     on_save_game: {
[2024-09-16_13-57-41]	[INFO]	LUA - D:/Dev/Personal/OpenXcom/data/user/mods/lua_test\bootstrap.lua -       unregister_callback (key type: string, value type: function): function: 00007FF632743560
[2024-09-16_13-57-41]	[INFO]	LUA - D:/Dev/Personal/OpenXcom/data/user/mods/lua_test\bootstrap.lua -       register_callback (key type: string, value type: function): function: 00007FF6327313B5
[2024-09-16_13-57-41]	[INFO]	LUA - D:/Dev/Personal/OpenXcom/data/user/mods/lua_test\bootstrap.lua -     }
[2024-09-16_13-57-41]	[INFO]	LUA - D:/Dev/Personal/OpenXcom/data/user/mods/lua_test\bootstrap.lua - }
[2024-09-16_13-57-41]	[INFO]	LUA - D:/Dev/Personal/OpenXcom/data/user/mods/lua_test\bootstrap.lua - end
[2024-09-16_13-57-41]	[INFO]	Loading Lua done.
[2024-09-16_13-57-41]	[INFO]	Loading ended.
[2024-09-16_13-57-41]	[INFO]	Data loaded successfully.
[2024-09-16_13-57-41]	[INFO]	Loading language...
[2024-09-16_13-57-42]	[INFO]	Language loaded successfully.
[2024-09-16_13-57-42]	[INFO]	OpenXcom started successfully!
[2024-09-16_13-57-42]	[INFO]	Playing flx, 320x200, 200 frames
[2024-09-16_13-57-42]	[INFO]	Using software scaling routine. For best results, try an OpenGL filter.
[2024-09-16_13-57-45]	[INFO]	SDL_mixer initialized successfully.
